// Jest Snapshot v1, https://goo.gl/fbAQLP

exports[`<ConfirmDialogue /> matches snapshot 1`] = `
Array [
  <p
    className="text-xl"
  >
    Your Estimated Price is
     
    <span
      className="font-bold text-blue-600"
    >
      $
      
    </span>
  </p>,
  <p
    className="text-lg font-semibold"
  >
    Do you want to proceed ?
  </p>,
]
`;
